main.c:85:6:_putchar	16	static
main.c:91:6:HAL_TIM_PeriodElapsedCallback	16	static
main.c:105:6:HAL_SPI_TxRxCpltCallback	16	static
main.c:114:6:HAL_SPI_ErrorCallback	16	static
main.c:127:5:main	48	static
main.c:254:6:SystemClock_Config	232	static
main.c:308:13:MX_SPI2_Init	8	static
main.c:347:13:MX_TIM3_Init	64	static
main.c:405:13:MX_TIM16_Init	8	static
main.c:436:13:MX_TIM17_Init	8	static
main.c:467:13:MX_USART2_UART_Init	8	static
main.c:499:13:MX_DMA_Init	16	static
main.c:519:13:MX_GPIO_Init	48	static
main.c:564:6:Error_Handler	4	static,ignoring_inline_asm
