main.c:82:6:HAL_TIM_PeriodElapsedCallback	16	static
main.c:96:6:HAL_SPI_TxRxCpltCallback	16	static
main.c:105:6:HAL_SPI_ErrorCallback	16	static
main.c:119:5:main	144	static
main.c:236:6:SystemClock_Config	232	static
main.c:290:13:MX_SPI2_Init	8	static
main.c:329:13:MX_TIM3_Init	64	static
main.c:387:13:MX_TIM16_Init	8	static
main.c:418:13:MX_TIM17_Init	8	static
main.c:449:13:MX_USART2_UART_Init	8	static
main.c:481:13:MX_DMA_Init	16	static
main.c:501:13:MX_GPIO_Init	48	static
main.c:546:6:Error_Handler	4	static,ignoring_inline_asm
