reflow.c:142:22:Reflow_reset_INIT	40	static
reflow.c:149:22:Reflow_reset_ENTRY	48	static
reflow.c:168:22:Reflow_preheat_ENTRY	16	static
reflow.c:176:22:Reflow_soak_ENTRY	16	static
reflow.c:185:22:Reflow_rampup_ENTRY	16	static
reflow.c:191:22:Reflow_peak_ENTRY	16	static
reflow.c:198:22:Reflow_cooldown_ENTRY	16	static
reflow.c:204:22:Reflow_reset_START	56	static
reflow.c:228:22:Reflow_preheat_REACHTEMP	40	static
reflow.c:235:22:Reflow_soak_REACHTIME	40	static
reflow.c:242:22:Reflow_rampup_REACHTEMP	40	static
reflow.c:249:22:Reflow_peak_REACHTIME	40	static
reflow.c:256:22:Reflow_cooldown_REACHTEMP	40	static
reflow.c:263:22:Reflow_STOP	16	static
reflow.c:271:22:Reflow_ignore	16	static
reflow.c:286:6:reflow_init	40	static
reflow.c:319:6:reflow_start	48	static
reflow.c:328:13:reflow_pid_iteration	168	static
reflow.c:380:17:reflow_status_cmd	24	static
reflow.c:397:17:reflow_start_cmd	16	static
reflow.c:405:17:reflow_stop_cmd	16	static
reflow.c:412:17:reflow_set_cmd	32	static
reflow.c:459:13:reflow_evt_handler	40	static
reflow.c:481:20:displayPIDParams	104	static
reflow.c:490:20:displayProfileParams	32	static
reflow.c:501:20:displayState	8	static
reflow.c:513:20:readTemperature	24	static
