reflow.c:136:22:Reflow_reset_INIT	40	static
reflow.c:143:22:Reflow_reset_ENTRY	40	static
reflow.c:161:22:Reflow_preheat_ENTRY	16	static
reflow.c:169:22:Reflow_soak_ENTRY	16	static
reflow.c:178:22:Reflow_rampup_ENTRY	16	static
reflow.c:184:22:Reflow_peak_ENTRY	16	static
reflow.c:191:22:Reflow_cooldown_ENTRY	16	static
reflow.c:197:22:Reflow_reset_START	56	static
reflow.c:220:22:Reflow_preheat_REACHTEMP	40	static
reflow.c:227:22:Reflow_soak_REACHTIME	40	static
reflow.c:234:22:Reflow_rampup_REACHTEMP	40	static
reflow.c:241:22:Reflow_peak_REACHTIME	40	static
reflow.c:248:22:Reflow_cooldown_REACHTEMP	40	static
reflow.c:255:22:Reflow_STOP	40	static
reflow.c:263:22:Reflow_ignore	16	static
reflow.c:278:6:reflow_init	40	static
reflow.c:311:6:reflow_start	48	static
reflow.c:320:13:reflow_pid_iteration	56	static
reflow.c:359:17:reflow_get_params_cmd	48	static
reflow.c:393:17:reflow_start_cmd	16	static
reflow.c:401:17:reflow_stop_cmd	16	static
reflow.c:408:13:reflow_evt_handler	40	static
reflow.c:430:20:displayPIDParams	104	static
reflow.c:439:20:displayProfileParams	32	static
reflow.c:450:20:displayState	8	static
reflow.c:462:20:readTemperature	24	static
