core_cm4.h:1667:26:__NVIC_GetPriorityGrouping	4	static
core_cm4.h:1679:22:__NVIC_EnableIRQ	16	static,ignoring_inline_asm
core_cm4.h:1809:22:__NVIC_SetPriority	16	static
core_cm4.h:1856:26:NVIC_EncodePriority	40	static
stm32l4xx_ll_usart.h:700:26:LL_USART_IsEnabled	16	static
stm32l4xx_ll_usart.h:3424:22:LL_USART_ClearFlag_PE	16	static
stm32l4xx_ll_usart.h:3435:22:LL_USART_ClearFlag_FE	16	static
stm32l4xx_ll_usart.h:3446:22:LL_USART_ClearFlag_NE	16	static
stm32l4xx_ll_usart.h:3457:22:LL_USART_ClearFlag_ORE	16	static
stm32l4xx_ll_usart.h:3645:22:LL_USART_EnableIT_RXNE	16	static
stm32l4xx_ll_usart.h:3686:22:LL_USART_EnableIT_TXE	16	static
stm32l4xx_ll_usart.h:3940:22:LL_USART_DisableIT_TXE	16	static
stm32l4xx_ll_usart.h:4196:26:LL_USART_IsEnabledIT_TXE	16	static
stm32l4xx_ll_usart.h:4618:22:LL_USART_RequestRxDataFlush	16	static
uart.c:80:11:uart_init	16	static
uart.c:110:11:uart_start	16	static
uart.c:129:11:uart_putc	24	static,ignoring_inline_asm
uart.c:154:9:uart_getc	16	static
uart.c:175:6:USART1_IRQHandler	8	static
uart.c:180:6:USART2_IRQHandler	8	static
uart.c:185:6:USART3_IRQHandler	8	static
uart.c:190:6:UART4_IRQHandler	8	static
uart.c:195:6:UART5_IRQHandler	8	static
uart.c:207:13:read_rdr	16	static
uart.c:226:13:write_tdr	8	static
uart.c:241:13:UART_ISR	16	static
